Device: cpu | seed=42 | agg_weight=positives
Loading snapshots from ../datasets/lanl_graphs ...
  384 snapshots, t in [0, 1378800]
  train: 212 snaps (209 mal edges) | val: 52 snaps (31 mal) | test: 120 snaps (217 mal)

Federated GNN: 7 clients, 15 rounds, server_opt=fedadam, neg_per_pos=50, partition=host
  [partition] 13,222 hosts, 15 communities -> 7 clients
  client      hosts   snaps     edges   mal_edges
  client 1      2163     212 1,812,423           0
  client 2      1438     212   876,012           0
  client 3      1430     212   977,523           0
  client 4      2056     212 1,180,553         204
  client 5      2040     212 1,343,922           1
  client 6      2050     212 1,220,076           4
  client 7      2045     212 1,209,884           0
  aggregation weighting = 'positives'  (client shares: C1=3.58%, C2=3.58%, C3=3.58%, C4=76.70%, C5=3.94%, C6=5.02%, C7=3.58%)
  Round 1/15: val PR-AUC=0.035919809899258165 | test PR-AUC=0.02451486122581057 ROC-AUC=0.968454608539187
  Round 2/15: val PR-AUC=0.025451629256774765 | test PR-AUC=0.019240435016293477 ROC-AUC=0.9778924413577267
  Round 3/15: val PR-AUC=0.01883106551548434 | test PR-AUC=0.02044624863181261 ROC-AUC=0.9833633989244905
  Round 4/15: val PR-AUC=0.036482156434219704 | test PR-AUC=0.035612129921351404 ROC-AUC=0.9865353002976796
  Round 5/15: val PR-AUC=0.015117133354564511 | test PR-AUC=0.02220920458909101 ROC-AUC=0.9812706084593794
  Round 6/15: val PR-AUC=0.004738705993133773 | test PR-AUC=0.00963660943510539 ROC-AUC=0.9626047894562616
  Round 7/15: val PR-AUC=0.011550239382930528 | test PR-AUC=0.011831995193666747 ROC-AUC=0.9682401870895108
  Round 8/15: val PR-AUC=0.03306735346388353 | test PR-AUC=0.0075862215971734485 ROC-AUC=0.9686613311491892
  Round 9/15: val PR-AUC=0.007986370483544317 | test PR-AUC=0.01076145083682081 ROC-AUC=0.975236702117991
  Round 10/15: val PR-AUC=0.007569742887907547 | test PR-AUC=0.015944498669361776 ROC-AUC=0.9779908637561425
  Round 11/15: val PR-AUC=0.012700491527535024 | test PR-AUC=0.025572144796719078 ROC-AUC=0.9777815605797714
  Round 12/15: val PR-AUC=0.03435614190577178 | test PR-AUC=0.043869970918763934 ROC-AUC=0.976812669557215
  Round 13/15: val PR-AUC=0.0692393686936037 | test PR-AUC=0.059831031043787335 ROC-AUC=0.9770298057232804
  Round 14/15: val PR-AUC=0.0771418592320031 | test PR-AUC=0.04077291177689993 ROC-AUC=0.9749179608121288
  Round 15/15: val PR-AUC=0.016894589538043493 | test PR-AUC=0.02011343818185999 ROC-AUC=0.9682809626954174

Selected round 14 (val PR-AUC=0.0771)

================================================================
LANL lateral-movement detection — official temporal test split
================================================================
  model             ROC-AUC   PR-AUC  TPR@1e-3  TPR@1e-4
  federated_gnn      0.9749   0.0408     0.512     0.171
  (test base rate = 4.04e-05, 217 malicious / 5,376,274 edges)

Saved results/lanl_comparison.json, lanl_pr_curves.png, lanl_global_model.pt
Done in 0h 23m 27s.
