Device: cpu | seed=123 | agg_weight=val_signal
Loading snapshots from ../datasets/lanl_graphs ...
  384 snapshots, t in [0, 1378800]
  train: 212 snaps (134 mal edges) | val: 52 snaps (106 mal) | test: 120 snaps (217 mal)

Federated GNN: 7 clients, 15 rounds, server_opt=fedadam, neg_per_pos=50, partition=host
  [partition] 13,253 hosts, 15 communities -> 7 clients
  client      hosts   snaps     edges   mal_edges
  client 1      2032     212 1,784,302           0
  client 2      1467     212   916,816           0
  client 3      1457     212   939,744           0
  client 4      2085     212 1,315,391           0
  client 5      2079     212 1,258,520           2
  client 6      2070     212 1,223,822           5
  client 7      2063     212 1,192,365         127
  computing local validation signals (privacy-preserving weighting)...
  local val signals: C1=0.0000, C2=0.0000, C3=0.0000, C4=0.0000, C5=0.0000, C6=0.0000, C7=0.1471
  aggregation weighting = 'val_signal'  (client shares: C1=0.65%, C2=0.65%, C3=0.65%, C4=0.65%, C5=0.65%, C6=0.66%, C7=96.10%)
  Round 1/15: val PR-AUC=0.028255881058479662 | test PR-AUC=0.027310415473858922 ROC-AUC=0.9713811443817758
  Round 2/15: val PR-AUC=0.004279559961609842 | test PR-AUC=0.010154498273474692 ROC-AUC=0.9764422234904215
  Round 3/15: val PR-AUC=0.005358784945486122 | test PR-AUC=0.011812786266354087 ROC-AUC=0.980206093330686
  Round 4/15: val PR-AUC=0.03961971148633197 | test PR-AUC=0.04405051422586437 ROC-AUC=0.9848551600101201
  Round 5/15: val PR-AUC=0.1584711211313188 | test PR-AUC=0.09206938253567205 ROC-AUC=0.9831620963181906
  Round 6/15: val PR-AUC=0.06255517030756375 | test PR-AUC=0.03352470381460732 ROC-AUC=0.9846812484378752
  Round 7/15: val PR-AUC=0.02065287168116029 | test PR-AUC=0.016153756184001316 ROC-AUC=0.9777360395776128
  Round 8/15: val PR-AUC=0.013997548262912208 | test PR-AUC=0.0130656898209942 ROC-AUC=0.9721916745196075
  Round 9/15: val PR-AUC=0.02467959542607667 | test PR-AUC=0.018424329785825713 ROC-AUC=0.9713292891842413
  Round 10/15: val PR-AUC=0.03485792141990561 | test PR-AUC=0.023364826584095076 ROC-AUC=0.9682539466813876
  Round 11/15: val PR-AUC=0.02905313830790519 | test PR-AUC=0.020372403928606574 ROC-AUC=0.9648050542317144
  Round 12/15: val PR-AUC=0.02121457467189549 | test PR-AUC=0.01594157926180745 ROC-AUC=0.9665918635008991
  Round 13/15: val PR-AUC=0.02640115861824096 | test PR-AUC=0.01854432403462251 ROC-AUC=0.9762372182578375
  Round 14/15: val PR-AUC=0.029113880597672004 | test PR-AUC=0.023247693485192834 ROC-AUC=0.9787021528804163
  Round 15/15: val PR-AUC=0.02889705444876771 | test PR-AUC=0.02842605920951281 ROC-AUC=0.9766368648838826

Selected round 5 (val PR-AUC=0.1585)

================================================================
LANL lateral-movement detection — official temporal test split
================================================================
  model             ROC-AUC   PR-AUC  TPR@1e-3  TPR@1e-4
  federated_gnn      0.9832   0.0921     0.765     0.327
  (test base rate = 4.04e-05, 217 malicious / 5,376,274 edges)

Saved results/lanl_comparison.json, lanl_pr_curves.png, lanl_global_model.pt
Done in 0h 50m 48s.
