Device: cpu | seed=123 | agg_weight=positives
Loading snapshots from ../datasets/lanl_graphs ...
  384 snapshots, t in [0, 1378800]
  train: 212 snaps (134 mal edges) | val: 52 snaps (106 mal) | test: 120 snaps (217 mal)

[baseline] no-graph edge-MLP (centralized)...
    {'roc_auc': 0.9022873571974425, 'pr_auc': 0.0025001728861475028}
[baseline] centralized GNN...
    {'roc_auc': 0.9933525034655514, 'pr_auc': 0.09397107595613345}

Federated GNN: 7 clients, 15 rounds, server_opt=fedadam, neg_per_pos=50, partition=host
  [partition] 13,253 hosts, 15 communities -> 7 clients
  client      hosts   snaps     edges   mal_edges
  client 1      2032     212 1,784,302           0
  client 2      1467     212   916,816           0
  client 3      1457     212   939,744           0
  client 4      2085     212 1,315,391           0
  client 5      2079     212 1,258,520           2
  client 6      2070     212 1,223,822           5
  client 7      2063     212 1,192,365         127
  aggregation weighting = 'positives'  (client shares: C1=0.71%, C2=0.71%, C3=0.71%, C4=0.71%, C5=2.13%, C6=4.26%, C7=90.78%)
  Round 1/15: val PR-AUC=0.04330342601542025 | test PR-AUC=0.033771441263909685 ROC-AUC=0.9702575333831963
  Round 2/15: val PR-AUC=0.02094911252325122 | test PR-AUC=0.017731861228595172 ROC-AUC=0.9810752358840166
  Round 3/15: val PR-AUC=0.029073031734412287 | test PR-AUC=0.028901997667532143 ROC-AUC=0.9839201343673348
  Round 4/15: val PR-AUC=0.08792196548292783 | test PR-AUC=0.08967550262023982 ROC-AUC=0.9861754045085359
  Round 5/15: val PR-AUC=0.09851435452955963 | test PR-AUC=0.14330535858269855 ROC-AUC=0.9875468613130147
  Round 6/15: val PR-AUC=0.12507768794240734 | test PR-AUC=0.12967971398033662 ROC-AUC=0.9853073308694252
  Round 7/15: val PR-AUC=0.041503521193211546 | test PR-AUC=0.034253821136449 ROC-AUC=0.9792118513830119
  Round 8/15: val PR-AUC=0.029311780304896888 | test PR-AUC=0.019684121757949258 ROC-AUC=0.9720192025956659
  Round 9/15: val PR-AUC=0.019134075483967936 | test PR-AUC=0.014835262420476785 ROC-AUC=0.9737139849507972
  Round 10/15: val PR-AUC=0.02457521520902294 | test PR-AUC=0.0190783596543109 ROC-AUC=0.9780555982128336
  Round 11/15: val PR-AUC=0.031487401459631206 | test PR-AUC=0.041551300304907335 ROC-AUC=0.9780317392245251
  Round 12/15: val PR-AUC=0.05587993189307297 | test PR-AUC=0.0655534964418523 ROC-AUC=0.9791854319722677
  Round 13/15: val PR-AUC=0.07916252157883188 | test PR-AUC=0.04582393656704282 ROC-AUC=0.9834650953548761
  Round 14/15: val PR-AUC=0.05025386486776537 | test PR-AUC=0.02739975095919548 ROC-AUC=0.984574806182643
  Round 15/15: val PR-AUC=0.04846171332921746 | test PR-AUC=0.023277407569237678 ROC-AUC=0.9832022954647445

Selected round 6 (val PR-AUC=0.1251)

================================================================
LANL lateral-movement detection — official temporal test split
================================================================
  model             ROC-AUC   PR-AUC  TPR@1e-3  TPR@1e-4
  nograph_mlp        0.9023   0.0025     0.009     0.000
  centralized_gnn    0.9934   0.0940     0.802     0.378
  federated_gnn      0.9853   0.1297     0.783     0.401
  (test base rate = 4.04e-05, 217 malicious / 5,376,274 edges)

Saved results/lanl_comparison.json, lanl_pr_curves.png, lanl_global_model.pt
Done in 0h 45m 22s.
