Device: cpu | seed=7 | agg_weight=edges
Loading snapshots from ../datasets/lanl_graphs ...
  384 snapshots, t in [0, 1378800]
  train: 212 snaps (210 mal edges) | val: 52 snaps (30 mal) | test: 120 snaps (217 mal)

Federated GNN: 7 clients, 15 rounds, server_opt=fedadam, neg_per_pos=50, partition=host
  [partition] 13,233 hosts, 14 communities -> 7 clients
  client      hosts   snaps     edges   mal_edges
  client 1      2008     212 1,772,697           0
  client 2      1450     212   985,899           0
  client 3      1527     212   732,602           1
  client 4      2067     212 1,313,347           0
  client 5      2070     212 1,271,577         204
  client 6      2032     212 1,301,564           5
  client 7      2079     212 1,225,782           0
  aggregation weighting = 'edges'  (client shares: C1=20.60%, C2=11.46%, C3=8.52%, C4=15.27%, C5=14.78%, C6=15.13%, C7=14.25%)
  Round 1/15: val PR-AUC=0.00011625732228135225 | test PR-AUC=0.00019647258120221252 ROC-AUC=0.8762337465581701
  Round 2/15: val PR-AUC=0.00025452898828704954 | test PR-AUC=0.00024450629818177893 ROC-AUC=0.9025433814400534
  Round 3/15: val PR-AUC=0.0001796805201543005 | test PR-AUC=0.00028326051617729375 ROC-AUC=0.9101913298252016
  Round 4/15: val PR-AUC=9.130357220685471e-05 | test PR-AUC=0.00021788096229185294 ROC-AUC=0.8664225108006609
  Round 5/15: val PR-AUC=6.656313685251294e-05 | test PR-AUC=0.00016079762841698207 ROC-AUC=0.8111957375157061
  Round 6/15: val PR-AUC=0.00011053757785693882 | test PR-AUC=0.0003538092876972788 ROC-AUC=0.8935437777363584
  Round 7/15: val PR-AUC=9.44210940001305e-05 | test PR-AUC=0.00023029665642818875 ROC-AUC=0.8898561372523023
  Round 8/15: val PR-AUC=5.479363596873952e-05 | test PR-AUC=0.00014809205954911413 ROC-AUC=0.8169103132340493
  Round 9/15: val PR-AUC=3.9538953717021515e-05 | test PR-AUC=0.00011923979525241359 ROC-AUC=0.7734273760464547
  Round 10/15: val PR-AUC=3.923986155301931e-05 | test PR-AUC=0.0001147571085458094 ROC-AUC=0.7600297787844131
  Round 11/15: val PR-AUC=4.109558427261218e-05 | test PR-AUC=0.000123648074627577 ROC-AUC=0.763782020432327
  Round 12/15: val PR-AUC=6.28809066854731e-05 | test PR-AUC=0.0001951777083383063 ROC-AUC=0.8300297052119132
  Round 13/15: val PR-AUC=0.00011091709317206367 | test PR-AUC=0.0003433700314331244 ROC-AUC=0.895776502530825
  Round 14/15: val PR-AUC=0.00019411390535744888 | test PR-AUC=0.0005933043348318841 ROC-AUC=0.9109799639366853
  Round 15/15: val PR-AUC=0.0003175496477240554 | test PR-AUC=0.0009110257680779675 ROC-AUC=0.9147519406384123

Selected round 15 (val PR-AUC=0.0003)

================================================================
LANL lateral-movement detection — official temporal test split
================================================================
  model             ROC-AUC   PR-AUC  TPR@1e-3  TPR@1e-4
  federated_gnn      0.9148   0.0009     0.037     0.000
  (test base rate = 4.04e-05, 217 malicious / 5,376,274 edges)

Saved results/lanl_comparison.json, lanl_pr_curves.png, lanl_global_model.pt
Done in 0h 19m 47s.
