Device: cpu | seed=7 | agg_weight=positives
Loading snapshots from ../datasets/lanl_graphs ...
  384 snapshots, t in [0, 1378800]
  train: 212 snaps (210 mal edges) | val: 52 snaps (30 mal) | test: 120 snaps (217 mal)

[baseline] no-graph edge-MLP (centralized)...
    {'roc_auc': 0.8901069060714276, 'pr_auc': 0.005583438564096294}
[baseline] centralized GNN...
    {'roc_auc': 0.9906322830683656, 'pr_auc': 0.0619415037265433}

Federated GNN: 7 clients, 15 rounds, server_opt=fedadam, neg_per_pos=50, partition=host
  [partition] 13,233 hosts, 14 communities -> 7 clients
  client      hosts   snaps     edges   mal_edges
  client 1      2008     212 1,772,697           0
  client 2      1450     212   985,899           0
  client 3      1527     212   732,602           1
  client 4      2067     212 1,313,347           0
  client 5      2070     212 1,271,577         204
  client 6      2032     212 1,301,564           5
  client 7      2079     212 1,225,782           0
  aggregation weighting = 'positives'  (client shares: C1=0.46%, C2=0.46%, C3=0.92%, C4=0.46%, C5=94.47%, C6=2.76%, C7=0.46%)
  Round 1/15: val PR-AUC=0.05745086301841604 | test PR-AUC=0.014562673820066855 ROC-AUC=0.9733170401833118
  Round 2/15: val PR-AUC=0.1486683891447767 | test PR-AUC=0.023889405512761364 ROC-AUC=0.9835146927175618
  Round 3/15: val PR-AUC=0.08690241218876399 | test PR-AUC=0.03674101729720205 ROC-AUC=0.9875087434204525
  Round 4/15: val PR-AUC=0.31114688081843545 | test PR-AUC=0.06753232199678343 ROC-AUC=0.988685401537357
  Round 5/15: val PR-AUC=0.007195881771712331 | test PR-AUC=0.012579520265622987 ROC-AUC=0.9706916788514103
  Round 6/15: val PR-AUC=0.014017492661660006 | test PR-AUC=0.02010567576651246 ROC-AUC=0.9769853227765514
  Round 7/15: val PR-AUC=0.07715444950240978 | test PR-AUC=0.050823907280451414 ROC-AUC=0.9791957816677781
  Round 8/15: val PR-AUC=0.09050297784866149 | test PR-AUC=0.08037532685574031 ROC-AUC=0.9712396135385986
  Round 9/15: val PR-AUC=0.051521646376028754 | test PR-AUC=0.04901229764671498 ROC-AUC=0.9646450552595176
  Round 10/15: val PR-AUC=0.05091748176872476 | test PR-AUC=0.03955079556546711 ROC-AUC=0.9668416679828152
  Round 11/15: val PR-AUC=0.05450938134479164 | test PR-AUC=0.053901105450041266 ROC-AUC=0.9717003871429867
  Round 12/15: val PR-AUC=0.08880407767253573 | test PR-AUC=0.042225919483379275 ROC-AUC=0.9732353299630068
  Round 13/15: val PR-AUC=0.0730363600584985 | test PR-AUC=0.028982000632621192 ROC-AUC=0.9735474580585942
  Round 14/15: val PR-AUC=0.06332838746319644 | test PR-AUC=0.02597833133147073 ROC-AUC=0.9739511819023541
  Round 15/15: val PR-AUC=0.021386315890524185 | test PR-AUC=0.013625253132395774 ROC-AUC=0.9717422676650375

Selected round 4 (val PR-AUC=0.3111)

================================================================
LANL lateral-movement detection — official temporal test split
================================================================
  model             ROC-AUC   PR-AUC  TPR@1e-3  TPR@1e-4
  nograph_mlp        0.8901   0.0056     0.318     0.005
  centralized_gnn    0.9906   0.0619     0.673     0.272
  federated_gnn      0.9887   0.0675     0.682     0.281
  (test base rate = 4.04e-05, 217 malicious / 5,376,274 edges)

Saved results/lanl_comparison.json, lanl_pr_curves.png, lanl_global_model.pt
Done in 0h 34m 24s.
