Device: cpu | seed=7 | agg_weight=val_signal
Loading snapshots from ../datasets/lanl_graphs ...
  384 snapshots, t in [0, 1378800]
  train: 212 snaps (210 mal edges) | val: 52 snaps (30 mal) | test: 120 snaps (217 mal)

Federated GNN: 7 clients, 15 rounds, server_opt=fedadam, neg_per_pos=50, partition=host
  [partition] 13,233 hosts, 14 communities -> 7 clients
  client      hosts   snaps     edges   mal_edges
  client 1      2008     212 1,772,697           0
  client 2      1450     212   985,899           0
  client 3      1527     212   732,602           1
  client 4      2067     212 1,313,347           0
  client 5      2070     212 1,271,577         204
  client 6      2032     212 1,301,564           5
  client 7      2079     212 1,225,782           0
  computing local validation signals (privacy-preserving weighting)...
  local val signals: C1=0.0000, C2=0.0000, C3=0.0009, C4=0.0000, C5=0.0776, C6=0.0000, C7=0.0000
  aggregation weighting = 'val_signal'  (client shares: C1=1.17%, C2=1.17%, C3=2.23%, C4=1.17%, C5=91.90%, C6=1.19%, C7=1.17%)
  Round 1/15: val PR-AUC=0.03543775790626544 | test PR-AUC=0.01810061531515867 ROC-AUC=0.9743893823013792
  Round 2/15: val PR-AUC=0.07602020796179601 | test PR-AUC=0.025983870361930377 ROC-AUC=0.980386363956777
  Round 3/15: val PR-AUC=0.10988355558468868 | test PR-AUC=0.04182148201317484 ROC-AUC=0.9822529256274373
  Round 4/15: val PR-AUC=0.32656141091524576 | test PR-AUC=0.13354817079405598 ROC-AUC=0.9852401769978284
  Round 5/15: val PR-AUC=0.31659776253443067 | test PR-AUC=0.14236070275660345 ROC-AUC=0.9865776278436004
  Round 6/15: val PR-AUC=0.034791791977733855 | test PR-AUC=0.03260298023955101 ROC-AUC=0.9791093997694434
  Round 7/15: val PR-AUC=0.007935658655700596 | test PR-AUC=0.010486847275154167 ROC-AUC=0.9680845846377933
  Round 8/15: val PR-AUC=0.012343546979251496 | test PR-AUC=0.01489542247198168 ROC-AUC=0.9604936542972947
  Round 9/15: val PR-AUC=0.044630398444581276 | test PR-AUC=0.052906524019180716 ROC-AUC=0.963637217871588
  Round 10/15: val PR-AUC=0.06636732003249209 | test PR-AUC=0.0758106759434053 ROC-AUC=0.9688655134806884
  Round 11/15: val PR-AUC=0.05664244281063499 | test PR-AUC=0.0551415411517311 ROC-AUC=0.9738533149621695
  Round 12/15: val PR-AUC=0.024454508409547708 | test PR-AUC=0.02218719594203406 ROC-AUC=0.9751700874180421
  Round 13/15: val PR-AUC=0.018255639934911444 | test PR-AUC=0.01616749021058985 ROC-AUC=0.9735011767301206
  Round 14/15: val PR-AUC=0.03061042227276205 | test PR-AUC=0.024984237035641177 ROC-AUC=0.972332923776321
  Round 15/15: val PR-AUC=0.07558014727541662 | test PR-AUC=0.03948356430846311 ROC-AUC=0.9685704631541632

Selected round 4 (val PR-AUC=0.3266)

================================================================
LANL lateral-movement detection — official temporal test split
================================================================
  model             ROC-AUC   PR-AUC  TPR@1e-3  TPR@1e-4
  federated_gnn      0.9852   0.1335     0.825     0.415
  (test base rate = 4.04e-05, 217 malicious / 5,376,274 edges)

Saved results/lanl_comparison.json, lanl_pr_curves.png, lanl_global_model.pt
Done in 0h 32m 22s.
