Device: cpu | seed=42 | agg_weight=positives
Loading snapshots from ../datasets/lanl_graphs ...
  384 snapshots, t in [0, 1378800]
  train: 212 snaps (209 mal edges) | val: 52 snaps (31 mal) | test: 120 snaps (217 mal)

Federated GNN: 7 clients, 15 rounds, server_opt=fedadam, neg_per_pos=50, partition=host
  [partition] 13,222 hosts, 15 communities -> 7 clients
  client      hosts   snaps     edges   mal_edges
  client 1      2163     212 1,812,423           0
  client 2      1438     212   876,012           0
  client 3      1430     212   977,523           0
  client 4      2056     212 1,180,553         204
  client 5      2040     212 1,343,922           1
  client 6      2050     212 1,220,076           4
  client 7      2045     212 1,209,884           0
  aggregation weighting = 'positives'  (client shares: C1=13.87%, C2=13.87%, C3=13.87%, C4=16.70%, C5=13.89%, C6=13.93%, C7=13.87%)
  Round 1/15: val PR-AUC=4.861305421473434e-05 | test PR-AUC=0.0001344387073459256 ROC-AUC=0.8090797318109476
  Round 2/15: val PR-AUC=7.563090399379724e-05 | test PR-AUC=0.00019942293800277576 ROC-AUC=0.8548152651398137
  Round 3/15: val PR-AUC=0.00016606251380449482 | test PR-AUC=0.0003324961962976145 ROC-AUC=0.9073004033126504
  Round 4/15: val PR-AUC=0.00017096965394547704 | test PR-AUC=0.0005022327701697548 ROC-AUC=0.9128120241936105
  Round 5/15: val PR-AUC=7.704526695284902e-05 | test PR-AUC=0.00018435417865653167 ROC-AUC=0.8257680183606443
  Round 6/15: val PR-AUC=7.099808586960446e-05 | test PR-AUC=0.0001461954287073024 ROC-AUC=0.8197093842702723
  Round 7/15: val PR-AUC=3.933924198101088e-05 | test PR-AUC=0.00010178983299655266 ROC-AUC=0.741230354504184
  Round 8/15: val PR-AUC=3.574632978056616e-05 | test PR-AUC=9.95462781488067e-05 ROC-AUC=0.7418697675047027
  Round 9/15: val PR-AUC=4.904398178108873e-05 | test PR-AUC=0.00011866857363742247 ROC-AUC=0.7828569558528713
  Round 10/15: val PR-AUC=5.8770552668267374e-05 | test PR-AUC=0.00014291734174801316 ROC-AUC=0.8200342857622198
  Round 11/15: val PR-AUC=7.301913244302722e-05 | test PR-AUC=0.00017935819217183217 ROC-AUC=0.8618765030529385
  Round 12/15: val PR-AUC=9.472814735923197e-05 | test PR-AUC=0.0002445361227309141 ROC-AUC=0.8933045389614861
  Round 13/15: val PR-AUC=0.00013293104889234086 | test PR-AUC=0.0005275839685197539 ROC-AUC=0.9064431443938819
  Round 14/15: val PR-AUC=0.00032475026446993267 | test PR-AUC=0.001003145681153371 ROC-AUC=0.9126271706085141
  Round 15/15: val PR-AUC=0.0004158365393557477 | test PR-AUC=0.0010734862933482372 ROC-AUC=0.9069932880561669

Selected round 15 (val PR-AUC=0.0004)

================================================================
LANL lateral-movement detection — official temporal test split
================================================================
  model             ROC-AUC   PR-AUC  TPR@1e-3  TPR@1e-4
  federated_gnn      0.9070   0.0011     0.097     0.014
  (test base rate = 4.04e-05, 217 malicious / 5,376,274 edges)

Saved results/lanl_comparison.json, lanl_pr_curves.png, lanl_global_model.pt
Done in 0h 15m 58s.
