Device: cpu | seed=42 | agg_weight=positives
Loading snapshots from ../datasets/lanl_graphs ...
  384 snapshots, t in [0, 1378800]
  train: 212 snaps (209 mal edges) | val: 52 snaps (31 mal) | test: 120 snaps (217 mal)

Federated GNN: 7 clients, 15 rounds, server_opt=fedadam, neg_per_pos=50, partition=host
  [partition] 13,222 hosts, 15 communities -> 7 clients
  client      hosts   snaps     edges   mal_edges
  client 1      2163     212 1,812,423           0
  client 2      1438     212   876,012           0
  client 3      1430     212   977,523           0
  client 4      2056     212 1,180,553         204
  client 5      2040     212 1,343,922           1
  client 6      2050     212 1,220,076           4
  client 7      2045     212 1,209,884           0
  aggregation weighting = 'positives'  (client shares: C1=11.00%, C2=11.00%, C3=11.00%, C4=33.44%, C5=11.11%, C6=11.44%, C7=11.00%)
  Round 1/15: val PR-AUC=7.924007971933631e-05 | test PR-AUC=0.00035968964764210634 ROC-AUC=0.872179440209177
  Round 2/15: val PR-AUC=0.0001739483667073604 | test PR-AUC=0.00042720144198369497 ROC-AUC=0.9070387314827553
  Round 3/15: val PR-AUC=0.0006163601058335105 | test PR-AUC=0.003763185258742899 ROC-AUC=0.939374208703996
  Round 4/15: val PR-AUC=0.0013098503450956725 | test PR-AUC=0.0029695648783558837 ROC-AUC=0.9525324193261266
  Round 5/15: val PR-AUC=8.114753468272502e-05 | test PR-AUC=0.00021800479726538915 ROC-AUC=0.8294031568983437
  Round 6/15: val PR-AUC=9.252720664717729e-05 | test PR-AUC=0.0001914560590278943 ROC-AUC=0.8419405057962713
  Round 7/15: val PR-AUC=0.00014211369640271287 | test PR-AUC=0.001026533583150265 ROC-AUC=0.9046915552910981
  Round 8/15: val PR-AUC=0.0017807439352114335 | test PR-AUC=0.004401315232291162 ROC-AUC=0.9515152771556263
  Round 9/15: val PR-AUC=0.0011811011254506446 | test PR-AUC=0.0023927335068827955 ROC-AUC=0.9429591404178945
  Round 10/15: val PR-AUC=0.0002684469977494049 | test PR-AUC=0.0007973022037835137 ROC-AUC=0.9092599493770627
  Round 11/15: val PR-AUC=0.00018580750501355505 | test PR-AUC=0.0008045254081051532 ROC-AUC=0.9213032151776557
  Round 12/15: val PR-AUC=0.00039067392773911515 | test PR-AUC=0.0014615435672105657 ROC-AUC=0.9463238089416068
  Round 13/15: val PR-AUC=0.0007744685425595302 | test PR-AUC=0.0018540813518189737 ROC-AUC=0.9435756806256231
  Round 14/15: val PR-AUC=0.001673626999665187 | test PR-AUC=0.003192937019984059 ROC-AUC=0.9434349941132446
  Round 15/15: val PR-AUC=0.0021229537489273857 | test PR-AUC=0.004388759340991416 ROC-AUC=0.9382878485516799

Selected round 15 (val PR-AUC=0.0021)

================================================================
LANL lateral-movement detection — official temporal test split
================================================================
  model             ROC-AUC   PR-AUC  TPR@1e-3  TPR@1e-4
  federated_gnn      0.9383   0.0044     0.198     0.041
  (test base rate = 4.04e-05, 217 malicious / 5,376,274 edges)

Saved results/lanl_comparison.json, lanl_pr_curves.png, lanl_global_model.pt
Done in 0h 22m 10s.
