Device: cpu | seed=42 | agg_weight=edges
Loading snapshots from ../datasets/lanl_graphs ...
  384 snapshots, t in [0, 1378800]
  train: 212 snaps (209 mal edges) | val: 52 snaps (31 mal) | test: 120 snaps (217 mal)

Federated GNN: 7 clients, 15 rounds, server_opt=fedadam, neg_per_pos=50, partition=host
  [partition] 13,222 hosts, 15 communities -> 7 clients
  client      hosts   snaps     edges   mal_edges
  client 1      2163     212 1,812,423           0
  client 2      1438     212   876,012           0
  client 3      1430     212   977,523           0
  client 4      2056     212 1,180,553         204
  client 5      2040     212 1,343,922           1
  client 6      2050     212 1,220,076           4
  client 7      2045     212 1,209,884           0
  aggregation weighting = 'edges'  (client shares: C1=21.02%, C2=10.16%, C3=11.34%, C4=13.69%, C5=15.59%, C6=14.15%, C7=14.04%)
  Round 1/15: val PR-AUC=4.465642724774171e-05 | test PR-AUC=0.00012196900420116598 ROC-AUC=0.7951848339940516
  Round 2/15: val PR-AUC=6.640338695498526e-05 | test PR-AUC=0.00018032270560461362 ROC-AUC=0.8392174228176578
  Round 3/15: val PR-AUC=0.00012530253561096336 | test PR-AUC=0.0002721026260902738 ROC-AUC=0.896909381024271
  Round 4/15: val PR-AUC=0.00011799768825140455 | test PR-AUC=0.00030817578479962453 ROC-AUC=0.8971622992438834
  Round 5/15: val PR-AUC=6.301930023282085e-05 | test PR-AUC=0.00015668025135259444 ROC-AUC=0.8099874679965302
  Round 6/15: val PR-AUC=7.252935615886006e-05 | test PR-AUC=0.00015082637312262 ROC-AUC=0.8327040505880358
  Round 7/15: val PR-AUC=4.6990354855298916e-05 | test PR-AUC=0.00011091971940367636 ROC-AUC=0.7659358007256011
  Round 8/15: val PR-AUC=4.2013482721971146e-05 | test PR-AUC=0.00010618034708591996 ROC-AUC=0.7557492406408085
  Round 9/15: val PR-AUC=4.505932196806362e-05 | test PR-AUC=0.00010569128427762439 ROC-AUC=0.7595054296423607
  Round 10/15: val PR-AUC=5.034232059157527e-05 | test PR-AUC=0.00011843260467507677 ROC-AUC=0.7816740179720687
  Round 11/15: val PR-AUC=6.42156695651909e-05 | test PR-AUC=0.00015227571375409934 ROC-AUC=0.837173490818634
  Round 12/15: val PR-AUC=8.29801034677397e-05 | test PR-AUC=0.00020039305365484735 ROC-AUC=0.8754554574276585
  Round 13/15: val PR-AUC=9.824762540487998e-05 | test PR-AUC=0.00026837038348761724 ROC-AUC=0.8873408530840156
  Round 14/15: val PR-AUC=0.00014305095297073274 | test PR-AUC=0.00045144462952962874 ROC-AUC=0.8972514305747468
  Round 15/15: val PR-AUC=0.00018900749560340276 | test PR-AUC=0.0005298514007180232 ROC-AUC=0.8886162027565659

Selected round 15 (val PR-AUC=0.0002)

================================================================
LANL lateral-movement detection — official temporal test split
================================================================
  model             ROC-AUC   PR-AUC  TPR@1e-3  TPR@1e-4
  federated_gnn      0.8886   0.0005     0.051     0.005
  (test base rate = 4.04e-05, 217 malicious / 5,376,274 edges)

Saved results/lanl_comparison.json, lanl_pr_curves.png, lanl_global_model.pt
Done in 0h 25m 32s.
