Device: cpu | seed=123 | agg_weight=edges
Loading snapshots from ../datasets/lanl_graphs ...
  384 snapshots, t in [0, 1378800]
  train: 212 snaps (134 mal edges) | val: 52 snaps (106 mal) | test: 120 snaps (217 mal)

Federated GNN: 7 clients, 15 rounds, server_opt=fedadam, neg_per_pos=50, partition=host
  [partition] 13,253 hosts, 15 communities -> 7 clients
  client      hosts   snaps     edges   mal_edges
  client 1      2032     212 1,784,302           0
  client 2      1467     212   916,816           0
  client 3      1457     212   939,744           0
  client 4      2085     212 1,315,391           0
  client 5      2079     212 1,258,520           2
  client 6      2070     212 1,223,822           5
  client 7      2063     212 1,192,365         127
  aggregation weighting = 'edges'  (client shares: C1=20.67%, C2=10.62%, C3=10.89%, C4=15.24%, C5=14.58%, C6=14.18%, C7=13.81%)
  Round 1/15: val PR-AUC=0.0002459602188030604 | test PR-AUC=0.00017013620911685319 ROC-AUC=0.8525942529707772
  Round 2/15: val PR-AUC=0.00030218745245921694 | test PR-AUC=0.0002307016285557549 ROC-AUC=0.8867578259515332
  Round 3/15: val PR-AUC=0.0003342817223056753 | test PR-AUC=0.0003017302580834093 ROC-AUC=0.9132137962188619
  Round 4/15: val PR-AUC=0.00027514768023160054 | test PR-AUC=0.0004598209418325008 ROC-AUC=0.8985425910915649
  Round 5/15: val PR-AUC=0.00017177097049003555 | test PR-AUC=0.0001833531152399873 ROC-AUC=0.820473776658726
  Round 6/15: val PR-AUC=0.00022381722377873183 | test PR-AUC=0.0001913568985462833 ROC-AUC=0.8696380045015932
  Round 7/15: val PR-AUC=0.00023957505936486587 | test PR-AUC=0.00023975795487168612 ROC-AUC=0.8843010217631024
  Round 8/15: val PR-AUC=0.00013824299165183818 | test PR-AUC=0.00029010163167715293 ROC-AUC=0.8307151235261663
  Round 9/15: val PR-AUC=0.00010845114419701867 | test PR-AUC=0.00022310771663600228 ROC-AUC=0.7982880595572328
  Round 10/15: val PR-AUC=0.00014317540141750988 | test PR-AUC=0.0001646299408063891 ROC-AUC=0.8237781008173133
  Round 11/15: val PR-AUC=0.00016504502558278549 | test PR-AUC=0.00018893352806212545 ROC-AUC=0.8303314056078254
  Round 12/15: val PR-AUC=0.00016290519840171292 | test PR-AUC=0.0003547524722028689 ROC-AUC=0.8355432736254393
  Round 13/15: val PR-AUC=0.0002410121378975347 | test PR-AUC=0.0009872423234374684 ROC-AUC=0.8830969533253997
  Round 14/15: val PR-AUC=0.0003659174148785015 | test PR-AUC=0.0016617327124245705 ROC-AUC=0.8977632073311735
  Round 15/15: val PR-AUC=0.00060282010412613 | test PR-AUC=0.0026667386587552865 ROC-AUC=0.9120220652970992

Selected round 15 (val PR-AUC=0.0006)

================================================================
LANL lateral-movement detection — official temporal test split
================================================================
  model             ROC-AUC   PR-AUC  TPR@1e-3  TPR@1e-4
  federated_gnn      0.9120   0.0027     0.171     0.032
  (test base rate = 4.04e-05, 217 malicious / 5,376,274 edges)

Saved results/lanl_comparison.json, lanl_pr_curves.png, lanl_global_model.pt
Done in 0h 26m 1s.
